// Jest Snapshot v1, https://goo.gl/fbAQLP

exports[`<NavLinks/> should NavLinks match snapshot 1`] = `
.c0 {
  display: -webkit-box;
  display: -webkit-flex;
  display: -ms-flexbox;
  display: flex;
  -webkit-flex-flow: row wrap;
  -ms-flex-flow: row wrap;
  flex-flow: row wrap;
}

.c1 {
  color: #333333;
  font-size: 1.6rem;
  padding: 1.6rem;
  -webkit-text-decoration: none;
  text-decoration: none;
  position: relative;
}

.c1:before {
  content: '';
  background: #54b3d6;
  display: block;
  position: absolute;
  bottom: -3px;
  left: 0;
  width: 0;
  height: 3px;
}

.c1::after {
  content: '';
  position: absolute;
  bottom: 0.75rem;
  left: 0;
  width: 100%;
  height: 2px;
  background-color: white;
  -webkit-transform: scaleX(0);
  -ms-transform: scaleX(0);
  transform: scaleX(0);
  -webkit-transform-origin: center;
  -ms-transform-origin: center;
  transform-origin: center;
  -webkit-transition: -webkit-transform 0.3s ease;
  -webkit-transition: transform 0.3s ease;
  transition: transform 0.3s ease;
}

.c1:hover::after {
  -webkit-transform: scaleX(1);
  -ms-transform: scaleX(1);
  transform: scaleX(1);
}

@media (max-width:768px) {
  .c0 {
    -webkit-flex-flow: column wrap;
    -ms-flex-flow: column wrap;
    flex-flow: column wrap;
    -webkit-align-items: center;
    -webkit-box-align: center;
    -ms-flex-align: center;
    align-items: center;
  }
}

<nav
  aria-label="Main menu"
  class="c0"
>
  <a
    class="c1"
    href="http://google.com"
    target="_self"
  >
    google
  </a>
  <a
    class="c1"
    href="http://twitter.com"
    target="_self"
  >
    twitter
  </a>
  <a
    class="c1"
    href="http://uol.com"
    target="_self"
  >
    uol
  </a>
</nav>
`;
