// Jest Snapshot v1, https://goo.gl/fbAQLP

exports[`<LogoLink/> should render LogoLink with correct snapshot 1`] = `
.c1 {
  display: -webkit-box;
  display: -webkit-flex;
  display: -ms-flexbox;
  display: flex;
  font-size: 1.6rem;
  -webkit-text-decoration: none;
  text-decoration: none;
  color: inherit;
}

.c1 > img {
  max-height: 2rem;
}

.c0 {
  color: #333333;
  font-size: font-size:1.6rem;
  font-weight: 900;
  text-transform: uppercase;
  font-size: 1.6rem;
  -webkit-transition: color 300ms ease-in-out;
  transition: color 300ms ease-in-out;
}

<h1
  class="c0"
  font-size="base"
>
  <a
    class="c1"
    href="#target"
  >
    <img
      alt="any_text"
      src="image.jpg"
    />
  </a>
</h1>
`;
